memory guard: admitted with MemAvailable=27356244 KiB, reserve=3145728 KiB, RSS limit=15728640 KiB, cgroup high/max/swap=16777216/16777216/0 KiB, stack=262144 KiB
memory guard: status 2026-09-18T14:46:18+02:00: session=2612545 members(session/scope)=2/2 Rocq workers=0 scope RSS=26204 KiB; cgroup=9132/16777216 KiB; MemAvailable=27350412 KiB

This GDB supports auto-downloading debuginfo from the following URLs:
  <https://debuginfod.ubuntu.com>
Debuginfod has been disabled.
To make this setting permanent, add 'set debuginfod enabled off' to .gdbinit.
[Thread debugging using libthread_db enabled]
Using host libthread_db library "/lib/x86_64-linux-gnu/libthread_db.so.1".
[lean checkpoint] before unpack cpu=0.835 heap_words=13895680 major_collections=1
[lean checkpoint] after unpack cpu=0.845 heap_words=15980032 major_collections=1
line 9939: _private.ProofWidgets.Component.PenroseDiagram0.ProofWidgets.Penrose.Diagram._proof_1
[declare start] _private.ProofWidgets.Component.PenroseDiagram0.ProofWidgets.Penrose.Diagram._proof_1 instance 0 cpu=0.877 heap_words=18377216 major=1
[declare before type] _private.ProofWidgets.Component.PenroseDiagram0.ProofWidgets.Penrose.Diagram._proof_1 instance 0 cpu=0.877 heap_words=18377216 major=1
[declare after type] _private.ProofWidgets.Component.PenroseDiagram0.ProofWidgets.Penrose.Diagram._proof_1 instance 0 cpu=6.139 heap_words=64651776 major=7
[declare before body] _private.ProofWidgets.Component.PenroseDiagram0.ProofWidgets.Penrose.Diagram._proof_1 instance 0 cpu=6.139 heap_words=64651776 major=7
[declare after body] _private.ProofWidgets.Component.PenroseDiagram0.ProofWidgets.Penrose.Diagram._proof_1 instance 0 cpu=6.153 heap_words=64651776 major=7
[declare before universes] _private.ProofWidgets.Component.PenroseDiagram0.ProofWidgets.Penrose.Diagram._proof_1 instance 0 cpu=6.153 heap_words=64651776 major=7
[declare after universes] _private.ProofWidgets.Component.PenroseDiagram0.ProofWidgets.Penrose.Diagram._proof_1 instance 0 cpu=6.366 heap_words=64651776 major=7
[declare before quickdef] _private.ProofWidgets.Component.PenroseDiagram0.ProofWidgets.Penrose.Diagram._proof_1 instance 0 cpu=6.366 heap_words=64651776 major=7
[declare after name] _private.ProofWidgets.Component.PenroseDiagram0.ProofWidgets.Penrose.Diagram._proof_1 instance 0 cpu=6.366 heap_words=64651776 major=7
memory guard: status 2026-09-18T14:46:33+02:00: session=2612545 members(session/scope)=3/3 Rocq workers=1 scope RSS=994484 KiB; cgroup=953768/16777216 KiB; MemAvailable=26318388 KiB
memory guard: status 2026-09-18T14:46:48+02:00: session=2612545 members(session/scope)=3/3 Rocq workers=1 scope RSS=1264744 KiB; cgroup=1225128/16777216 KiB; MemAvailable=26090064 KiB
memory guard: status 2026-09-18T14:47:03+02:00: session=2612545 members(session/scope)=3/3 Rocq workers=1 scope RSS=2015700 KiB; cgroup=1977376/16777216 KiB; MemAvailable=25289124 KiB
memory guard: status 2026-09-18T14:47:18+02:00: session=2612545 members(session/scope)=3/3 Rocq workers=1 scope RSS=2276992 KiB; cgroup=2239304/16777216 KiB; MemAvailable=25080128 KiB

Program received signal SIGUSR1, User defined signal 1.
caml_oldify_one (v=139540009276896, p=p@entry=0x7ee8aca5d4d0) at minor_gc.c:200
warning: 200	minor_gc.c: No such file or directory

[diagnostic stack] SIGUSR1 time=1789735643.084

Thread 1 (Thread 0x7ee931deeb80 (LWP 2612584) "rocqworker.exe"):
#0  caml_oldify_one (v=139540009276896, p=p@entry=0x7ee8aca5d4d0) at minor_gc.c:200
#1  0x00006304bd27634d in caml_oldify_mopup () at minor_gc.c:319
#2  0x00006304bd276545 in caml_empty_minor_heap () at minor_gc.c:377
#3  0x00006304bd276a60 in caml_gc_dispatch () at minor_gc.c:492
#4  0x00006304bd276b95 in caml_alloc_small_dispatch (wosize=5, flags=3, nallocs=1, encoded_alloc_lens=0x6304bdaece8d <camlStdlib__Map__frametable+4357> "\004") at minor_gc.c:539
#5  0x00006304bd293826 in caml_call_gc ()
#6  0x00006304bd20a115 in camlStdlib__Map__bal_398 () at map.ml:115
#7  0x00006304bd20af14 in camlStdlib__Map__update_572 () at map.ml:291
#8  0x00006304bd20af14 in camlStdlib__Map__update_572 () at map.ml:291
#9  0x00006304bd09776b in camlHConstr__add_740 () at kernel/hConstr.ml:127
#10 0x00006304bd099b2a in camlHConstr__finish_2045 () at kernel/hConstr.ml:394
#11 0x00006304bd09a0eb in camlHConstr__return_2062 () at kernel/hConstr.ml:427
#12 0x00006304bd09b406 in camlHConstr__of_constr_2405 () at kernel/hConstr.ml:546
#13 0x00006304bd0c8b5b in camlConstant_typing__infer_definition_1845 () at kernel/constant_typing.ml:226
#14 0x00006304bd0e03b0 in camlSafe_typing__add_constant_3915 () at kernel/safe_typing.ml:1187
#15 0x00006304bcfa6d30 in camlGlobal__fun_2342 () at library/global.ml:65
#16 0x00006304bcbf8658 in camlDeclare__declare_constant_inner_10093 () at vernac/declare.ml:687
#17 0x00006304bcbfa73c in camlDeclare__declare_entry_inner_10181 () at vernac/declare.ml:944
#18 0x00007ee92891cdb1 in camlLean_import__Lean__quickdef_inner_10503 () from /home/theo/Documents/github/rocq-lean-typechecker/work/kernel-alignment-pass/importer.Uysmp5IV/src/././lean_import.cmxs
#19 0x00007ee9289364c0 in camlLean_import__Lean__declare_def_6894 () from /home/theo/Documents/github/rocq-lean-typechecker/work/kernel-alignment-pass/importer.Uysmp5IV/src/././lean_import.cmxs
#20 0x00007ee92893d2f1 in camlLean_import__Lean__fun_15027 () from /home/theo/Documents/github/rocq-lean-typechecker/work/kernel-alignment-pass/importer.Uysmp5IV/src/././lean_import.cmxs
#21 0x00007ee92893d25e in camlLean_import__Lean__loop_7963 () from /home/theo/Documents/github/rocq-lean-typechecker/work/kernel-alignment-pass/importer.Uysmp5IV/src/././lean_import.cmxs
#22 0x00007ee92893d518 in camlLean_import__Lean__add_entry_7986 () from /home/theo/Documents/github/rocq-lean-typechecker/work/kernel-alignment-pass/importer.Uysmp5IV/src/././lean_import.cmxs
#23 0x00006304bd176a8e in camlControl__fun_854 () at lib/control.ml:53
#24 0x00006304bd227599 in camlStdlib__Fun__protect_317 () at fun.ml:33
#25 0x00007ee92893e375 in camlLean_import__Lean__with_line_timeout_8109 () from /home/theo/Documents/github/rocq-lean-typechecker/work/kernel-alignment-pass/importer.Uysmp5IV/src/././lean_import.cmxs
#26 0x00007ee92893e6ed in camlLean_import__Lean__process_effect_8215 () from /home/theo/Documents/github/rocq-lean-typechecker/work/kernel-alignment-pass/importer.Uysmp5IV/src/././lean_import.cmxs
#27 0x00007ee92893f07b in camlLean_import__Lean__do_input_pending_8273 () from /home/theo/Documents/github/rocq-lean-typechecker/work/kernel-alignment-pass/importer.Uysmp5IV/src/././lean_import.cmxs
#28 0x00006304bd227599 in camlStdlib__Fun__protect_317 () at fun.ml:33
#29 0x00007ee92894096b in camlLean_import__Lean__import_8707 () from /home/theo/Documents/github/rocq-lean-typechecker/work/kernel-alignment-pass/importer.Uysmp5IV/src/././lean_import.cmxs
#30 0x00006304bcc107e2 in camlVernactypes__fun_1447 () at vernac/vernactypes.ml:199
#31 0x00006304bcc106ed in camlVernactypes__fun_1443 () at vernac/vernactypes.ml:196
#32 0x00006304bcc10668 in camlVernactypes__fun_1435 () at vernac/vernactypes.ml:190
#33 0x00006304bcc10363 in camlVernactypes__fun_1425 () at vernac/vernactypes.ml:152
#34 0x00006304bcc1010a in camlVernactypes__fun_1403 () at vernac/vernactypes.ml:140
#35 0x00006304bcc102d8 in camlVernactypes__fun_1419 () at vernac/vernactypes.ml:151
#36 0x00006304bcc10363 in camlVernactypes__fun_1425 () at vernac/vernactypes.ml:152
#37 0x00006304bcc0fd02 in camlVernactypes__fun_1399 () at vernac/vernactypes.ml:93
#38 0x00006304bcc102d8 in camlVernactypes__fun_1419 () at vernac/vernactypes.ml:151
#39 0x00006304bcc0f606 in camlVernactypes__fun_1390 () at vernac/vernactypes.ml:27
#40 0x00006304bcc1021f in camlVernactypes__fun_1407 () at vernac/vernactypes.ml:150
#41 0x00006304bcc1021f in camlVernactypes__fun_1407 () at vernac/vernactypes.ml:150
#42 0x00006304bcc105e4 in camlVernactypes__run_1126 () at vernac/vernactypes.ml:189
#43 0x00006304bcc9ecff in camlVernacinterp__interp_expr_core_514 () at vernac/vernacinterp.ml:80
#44 0x00006304bcc9e8a2 in camlVernacinterp__interp_expr_513 () at vernac/vernacinterp.ml:49
#45 0x00006304bd227599 in camlStdlib__Fun__protect_317 () at fun.ml:33
#46 0x00006304bcc4d50a in camlVernacControl__under_control_1954 () at vernac/vernacControl.ml:244
#47 0x00006304bcc9e7aa in camlVernacinterp__interp_control_gen_474 () at vernac/vernacinterp.ml:36
#48 0x00006304bd227599 in camlStdlib__Fun__protect_317 () at fun.ml:33
#49 0x00006304bd227599 in camlStdlib__Fun__protect_317 () at fun.ml:33
#50 0x00006304bcc9f446 in camlVernacinterp__interp_gen_1193 () at vernac/vernacinterp.ml:157
#51 0x00006304bcc9f62f in camlVernacinterp__interp_inner_1540 () at vernac/vernacinterp.ml:171
#52 0x00006304bcb517d4 in camlStm__step_8350 () at stm/stm.ml:2035
#53 0x00006304bcb4a7a9 in camlStm__define_inner_9646 () at stm/stm.ml:963
#54 0x00006304bcb50ee1 in camlStm__reach_inner_10580 () at stm/stm.ml:2204
#55 0x00006304bcb534c1 in camlStm__observe_6834 () at stm/stm.ml:2296
#56 0x00006304bcb33831 in camlVernac__interp_vernac_1328 () at toplevel/vernac.ml:87
#57 0x00006304bd227599 in camlStdlib__Fun__protect_317 () at fun.ml:33
#58 0x00006304bd227599 in camlStdlib__Fun__protect_317 () at fun.ml:33
#59 0x00006304bcb33dbd in camlVernac__loop_1481 () at toplevel/vernac.ml:135
#60 0x00006304bcb33ad5 in camlVernac__load_vernac_core_1387 () at toplevel/vernac.ml:158
#61 0x00006304bd227599 in camlStdlib__Fun__protect_317 () at fun.ml:33
#62 0x00006304bcb3ac54 in camlCcompile__compile_408 () at toplevel/ccompile.ml:64
#63 0x00006304bcb3afed in camlCcompile__compile_941 () at toplevel/ccompile.ml:98
#64 0x00006304bcb3b1e7 in camlCoqc__coqc_main_369 () at toplevel/coqc.ml:38
#65 0x00006304bcb3b312 in camlCoqc__coqc_run_1054 () at toplevel/coqc.ml:54
#66 0x00006304bcb31e2b in camlDune__exe__Rocqworker__entry () at topbin/rocqworker.ml:45
#67 0x00006304bcb283d9 in caml_program ()
#68 0x00006304bd29395d in caml_start_program ()
#69 0x00006304bd27175c in caml_startup_common (argv=0x7ffd4e752de8, pooling=<optimized out>, pooling@entry=0) at startup_nat.c:160
#70 0x00006304bd2717df in caml_startup_exn (argv=<optimized out>) at startup_nat.c:167
#71 caml_startup (argv=<optimized out>) at startup_nat.c:172
#72 caml_main (argv=<optimized out>) at startup_nat.c:179
#73 0x00006304bcb26222 in main (argc=<optimized out>, argv=<optimized out>) at main.c:37
memory guard: status 2026-09-18T14:47:33+02:00: session=2612545 members(session/scope)=3/3 Rocq workers=1 scope RSS=2819156 KiB; cgroup=2781528/16777216 KiB; MemAvailable=24563488 KiB
memory guard: status 2026-09-18T14:47:48+02:00: session=2612545 members(session/scope)=3/3 Rocq workers=1 scope RSS=2842336 KiB; cgroup=2802488/16777216 KiB; MemAvailable=24485268 KiB
memory guard: status 2026-09-18T14:48:03+02:00: session=2612545 members(session/scope)=3/3 Rocq workers=1 scope RSS=2907876 KiB; cgroup=2868496/16777216 KiB; MemAvailable=24493648 KiB
memory guard: status 2026-09-18T14:48:18+02:00: session=2612545 members(session/scope)=3/3 Rocq workers=1 scope RSS=2907876 KiB; cgroup=2868264/16777216 KiB; MemAvailable=24423296 KiB

Program received signal SIGUSR1, User defined signal 1.
0x00006304bd283b41 in caml_hash_mix_uint32 (d=1679247790, h=845992318) at hash.c:50
warning: 50	hash.c: No such file or directory

[diagnostic stack] SIGUSR1 time=1789735703.086

Thread 1 (Thread 0x7ee931deeb80 (LWP 2612584) "rocqworker.exe"):
#0  0x00006304bd283b41 in caml_hash_mix_uint32 (d=1679247790, h=845992318) at hash.c:50
#1  caml_hash (count=<optimized out>, limit=<optimized out>, seed=<optimized out>, obj=<optimized out>) at hash.c:287
#2  0x00006304bd0b7ac9 in camlTypeops__visit_1285 () at hashtbl.ml:499
#3  0x00006304bd0b7b5c in camlTypeops__fun_4382 () at kernel/typeops.ml:79
#4  0x00006304bcfebafd in camlConstr__fold_1301 () at kernel/constr.ml:496
#5  0x00006304bd0b7b5c in camlTypeops__fun_4382 () at kernel/typeops.ml:79
#6  0x00006304bd1fca59 in camlStdlib__Array__fold_left_390 () at array.ml:163
#7  0x00006304bd0b7b5c in camlTypeops__fun_4382 () at kernel/typeops.ml:79
#8  0x00006304bd1fca59 in camlStdlib__Array__fold_left_390 () at array.ml:163
#9  0x00006304bd0b7b5c in camlTypeops__fun_4382 () at kernel/typeops.ml:79
#10 0x00006304bd1fca59 in camlStdlib__Array__fold_left_390 () at array.ml:163
#11 0x00006304bd0b7b5c in camlTypeops__fun_4382 () at kernel/typeops.ml:79
#12 0x00006304bd1fca59 in camlStdlib__Array__fold_left_390 () at array.ml:163
#13 0x00006304bd0b7b5c in camlTypeops__fun_4382 () at kernel/typeops.ml:79
#14 0x00006304bd1fca59 in camlStdlib__Array__fold_left_390 () at array.ml:163
#15 0x00006304bd0b7b5c in camlTypeops__fun_4382 () at kernel/typeops.ml:79
#16 0x00006304bd1fca59 in camlStdlib__Array__fold_left_390 () at array.ml:163
#17 0x00006304bd0b7b5c in camlTypeops__fun_4382 () at kernel/typeops.ml:79
#18 0x00006304bd1fca59 in camlStdlib__Array__fold_left_390 () at array.ml:163
#19 0x00006304bd0b7b5c in camlTypeops__fun_4382 () at kernel/typeops.ml:79
#20 0x00006304bd1fca59 in camlStdlib__Array__fold_left_390 () at array.ml:163
#21 0x00006304bd0b7b5c in camlTypeops__fun_4382 () at kernel/typeops.ml:79
#22 0x00006304bd1fca59 in camlStdlib__Array__fold_left_390 () at array.ml:163
#23 0x00006304bd0b7b5c in camlTypeops__fun_4382 () at kernel/typeops.ml:79
#24 0x00006304bd1fca59 in camlStdlib__Array__fold_left_390 () at array.ml:163
#25 0x00006304bd0b7b5c in camlTypeops__fun_4382 () at kernel/typeops.ml:79
#26 0x00006304bd1fca59 in camlStdlib__Array__fold_left_390 () at array.ml:163
#27 0x00006304bd0b7b5c in camlTypeops__fun_4382 () at kernel/typeops.ml:79
#28 0x00006304bd1fca59 in camlStdlib__Array__fold_left_390 () at array.ml:163
#29 0x00006304bd0b7b5c in camlTypeops__fun_4382 () at kernel/typeops.ml:79
#30 0x00006304bd1fca59 in camlStdlib__Array__fold_left_390 () at array.ml:163
#31 0x00006304bd0b7b5c in camlTypeops__fun_4382 () at kernel/typeops.ml:79
#32 0x00006304bd1fca59 in camlStdlib__Array__fold_left_390 () at array.ml:163
#33 0x00006304bd0b7b5c in camlTypeops__fun_4382 () at kernel/typeops.ml:79
#34 0x00006304bd1fca59 in camlStdlib__Array__fold_left_390 () at array.ml:163
#35 0x00006304bd0b7b5c in camlTypeops__fun_4382 () at kernel/typeops.ml:79
#36 0x00006304bd1fca59 in camlStdlib__Array__fold_left_390 () at array.ml:163
#37 0x00006304bd0b7b5c in camlTypeops__fun_4382 () at kernel/typeops.ml:79
#38 0x00006304bd1fca59 in camlStdlib__Array__fold_left_390 () at array.ml:163
#39 0x00006304bd0b7b5c in camlTypeops__fun_4382 () at kernel/typeops.ml:79
#40 0x00006304bcfebbb2 in camlConstr__fold_1301 () at kernel/constr.ml:500
#41 0x00006304bd0b7a06 in camlTypeops__syntax_hash_1281 () at kernel/typeops.ml:82
#42 0x00006304bd0b7bd9 in camlTypeops__convert_1340 () at kernel/typeops.ml:89
#43 0x00006304bd0b9620 in camlTypeops__apply_rec_2221 () at kernel/typeops.ml:347
#44 0x00006304bd0bce6a in camlTypeops__apply_3355 () at kernel/typeops.ml:812
#45 0x00006304bd0bd17a in camlTypeops__return_3364 () at kernel/typeops.ml:832
#46 0x00006304bd227599 in camlStdlib__Fun__protect_317 () at fun.ml:33
#47 0x00006304bd0bf46d in camlTypeops__infer_hconstr_3734 () at kernel/typeops.ml:1090
#48 0x00006304bd0c8b84 in camlConstant_typing__infer_definition_1845 () at kernel/constant_typing.ml:228
#49 0x00006304bd0e03b0 in camlSafe_typing__add_constant_3915 () at kernel/safe_typing.ml:1187
#50 0x00006304bcfa6d30 in camlGlobal__fun_2342 () at library/global.ml:65
#51 0x00006304bcbf8658 in camlDeclare__declare_constant_inner_10093 () at vernac/declare.ml:687
#52 0x00006304bcbfa73c in camlDeclare__declare_entry_inner_10181 () at vernac/declare.ml:944
#53 0x00007ee92891cdb1 in camlLean_import__Lean__quickdef_inner_10503 () from /home/theo/Documents/github/rocq-lean-typechecker/work/kernel-alignment-pass/importer.Uysmp5IV/src/././lean_import.cmxs
#54 0x00007ee9289364c0 in camlLean_import__Lean__declare_def_6894 () from /home/theo/Documents/github/rocq-lean-typechecker/work/kernel-alignment-pass/importer.Uysmp5IV/src/././lean_import.cmxs
#55 0x00007ee92893d2f1 in camlLean_import__Lean__fun_15027 () from /home/theo/Documents/github/rocq-lean-typechecker/work/kernel-alignment-pass/importer.Uysmp5IV/src/././lean_import.cmxs
#56 0x00007ee92893d25e in camlLean_import__Lean__loop_7963 () from /home/theo/Documents/github/rocq-lean-typechecker/work/kernel-alignment-pass/importer.Uysmp5IV/src/././lean_import.cmxs
#57 0x00007ee92893d518 in camlLean_import__Lean__add_entry_7986 () from /home/theo/Documents/github/rocq-lean-typechecker/work/kernel-alignment-pass/importer.Uysmp5IV/src/././lean_import.cmxs
#58 0x00006304bd176a8e in camlControl__fun_854 () at lib/control.ml:53
#59 0x00006304bd227599 in camlStdlib__Fun__protect_317 () at fun.ml:33
#60 0x00007ee92893e375 in camlLean_import__Lean__with_line_timeout_8109 () from /home/theo/Documents/github/rocq-lean-typechecker/work/kernel-alignment-pass/importer.Uysmp5IV/src/././lean_import.cmxs
#61 0x00007ee92893e6ed in camlLean_import__Lean__process_effect_8215 () from /home/theo/Documents/github/rocq-lean-typechecker/work/kernel-alignment-pass/importer.Uysmp5IV/src/././lean_import.cmxs
#62 0x00007ee92893f07b in camlLean_import__Lean__do_input_pending_8273 () from /home/theo/Documents/github/rocq-lean-typechecker/work/kernel-alignment-pass/importer.Uysmp5IV/src/././lean_import.cmxs
#63 0x00006304bd227599 in camlStdlib__Fun__protect_317 () at fun.ml:33
#64 0x00007ee92894096b in camlLean_import__Lean__import_8707 () from /home/theo/Documents/github/rocq-lean-typechecker/work/kernel-alignment-pass/importer.Uysmp5IV/src/././lean_import.cmxs
#65 0x00006304bcc107e2 in camlVernactypes__fun_1447 () at vernac/vernactypes.ml:199
#66 0x00006304bcc106ed in camlVernactypes__fun_1443 () at vernac/vernactypes.ml:196
#67 0x00006304bcc10668 in camlVernactypes__fun_1435 () at vernac/vernactypes.ml:190
#68 0x00006304bcc10363 in camlVernactypes__fun_1425 () at vernac/vernactypes.ml:152
#69 0x00006304bcc1010a in camlVernactypes__fun_1403 () at vernac/vernactypes.ml:140
#70 0x00006304bcc102d8 in camlVernactypes__fun_1419 () at vernac/vernactypes.ml:151
#71 0x00006304bcc10363 in camlVernactypes__fun_1425 () at vernac/vernactypes.ml:152
#72 0x00006304bcc0fd02 in camlVernactypes__fun_1399 () at vernac/vernactypes.ml:93
#73 0x00006304bcc102d8 in camlVernactypes__fun_1419 () at vernac/vernactypes.ml:151
#74 0x00006304bcc0f606 in camlVernactypes__fun_1390 () at vernac/vernactypes.ml:27
#75 0x00006304bcc1021f in camlVernactypes__fun_1407 () at vernac/vernactypes.ml:150
#76 0x00006304bcc1021f in camlVernactypes__fun_1407 () at vernac/vernactypes.ml:150
#77 0x00006304bcc105e4 in camlVernactypes__run_1126 () at vernac/vernactypes.ml:189
#78 0x00006304bcc9ecff in camlVernacinterp__interp_expr_core_514 () at vernac/vernacinterp.ml:80
#79 0x00006304bcc9e8a2 in camlVernacinterp__interp_expr_513 () at vernac/vernacinterp.ml:49
memory guard: status 2026-09-18T14:48:33+02:00: session=2612545 members(session/scope)=3/3 Rocq workers=1 scope RSS=2908004 KiB; cgroup=2867884/16777216 KiB; MemAvailable=24441408 KiB
memory guard: status 2026-09-18T14:48:48+02:00: session=2612545 members(session/scope)=3/3 Rocq workers=1 scope RSS=2908004 KiB; cgroup=2867992/16777216 KiB; MemAvailable=24398912 KiB
memory guard: status 2026-09-18T14:49:03+02:00: session=2612545 members(session/scope)=3/3 Rocq workers=1 scope RSS=2908004 KiB; cgroup=2868408/16777216 KiB; MemAvailable=24419400 KiB
memory guard: status 2026-09-18T14:49:18+02:00: session=2612545 members(session/scope)=3/3 Rocq workers=1 scope RSS=2908004 KiB; cgroup=2868064/16777216 KiB; MemAvailable=24413096 KiB

Program received signal SIGUSR1, User defined signal 1.
caml_hash (count=<optimized out>, limit=<optimized out>, seed=<optimized out>, obj=<optimized out>) at hash.c:50
50	in hash.c

[diagnostic stack] SIGUSR1 time=1789735763.102

Thread 1 (Thread 0x7ee931deeb80 (LWP 2612584) "rocqworker.exe"):
#0  caml_hash (count=<optimized out>, limit=<optimized out>, seed=<optimized out>, obj=<optimized out>) at hash.c:50
#1  0x00006304bd0b7ac9 in camlTypeops__visit_1285 () at hashtbl.ml:499
#2  0x00006304bd0b7b5c in camlTypeops__fun_4382 () at kernel/typeops.ml:79
#3  0x00006304bcfebafd in camlConstr__fold_1301 () at kernel/constr.ml:496
#4  0x00006304bd0b7a06 in camlTypeops__syntax_hash_1281 () at kernel/typeops.ml:82
#5  0x00006304bd0b7be7 in camlTypeops__convert_1340 () at kernel/typeops.ml:89
#6  0x00006304bd0b9620 in camlTypeops__apply_rec_2221 () at kernel/typeops.ml:347
#7  0x00006304bd0bce6a in camlTypeops__apply_3355 () at kernel/typeops.ml:812
#8  0x00006304bd0bd17a in camlTypeops__return_3364 () at kernel/typeops.ml:832
#9  0x00006304bd227599 in camlStdlib__Fun__protect_317 () at fun.ml:33
#10 0x00006304bd0bf46d in camlTypeops__infer_hconstr_3734 () at kernel/typeops.ml:1090
#11 0x00006304bd0c8b84 in camlConstant_typing__infer_definition_1845 () at kernel/constant_typing.ml:228
#12 0x00006304bd0e03b0 in camlSafe_typing__add_constant_3915 () at kernel/safe_typing.ml:1187
#13 0x00006304bcfa6d30 in camlGlobal__fun_2342 () at library/global.ml:65
#14 0x00006304bcbf8658 in camlDeclare__declare_constant_inner_10093 () at vernac/declare.ml:687
#15 0x00006304bcbfa73c in camlDeclare__declare_entry_inner_10181 () at vernac/declare.ml:944
#16 0x00007ee92891cdb1 in camlLean_import__Lean__quickdef_inner_10503 () from /home/theo/Documents/github/rocq-lean-typechecker/work/kernel-alignment-pass/importer.Uysmp5IV/src/././lean_import.cmxs
#17 0x00007ee9289364c0 in camlLean_import__Lean__declare_def_6894 () from /home/theo/Documents/github/rocq-lean-typechecker/work/kernel-alignment-pass/importer.Uysmp5IV/src/././lean_import.cmxs
#18 0x00007ee92893d2f1 in camlLean_import__Lean__fun_15027 () from /home/theo/Documents/github/rocq-lean-typechecker/work/kernel-alignment-pass/importer.Uysmp5IV/src/././lean_import.cmxs
#19 0x00007ee92893d25e in camlLean_import__Lean__loop_7963 () from /home/theo/Documents/github/rocq-lean-typechecker/work/kernel-alignment-pass/importer.Uysmp5IV/src/././lean_import.cmxs
#20 0x00007ee92893d518 in camlLean_import__Lean__add_entry_7986 () from /home/theo/Documents/github/rocq-lean-typechecker/work/kernel-alignment-pass/importer.Uysmp5IV/src/././lean_import.cmxs
#21 0x00006304bd176a8e in camlControl__fun_854 () at lib/control.ml:53
#22 0x00006304bd227599 in camlStdlib__Fun__protect_317 () at fun.ml:33
#23 0x00007ee92893e375 in camlLean_import__Lean__with_line_timeout_8109 () from /home/theo/Documents/github/rocq-lean-typechecker/work/kernel-alignment-pass/importer.Uysmp5IV/src/././lean_import.cmxs
#24 0x00007ee92893e6ed in camlLean_import__Lean__process_effect_8215 () from /home/theo/Documents/github/rocq-lean-typechecker/work/kernel-alignment-pass/importer.Uysmp5IV/src/././lean_import.cmxs
#25 0x00007ee92893f07b in camlLean_import__Lean__do_input_pending_8273 () from /home/theo/Documents/github/rocq-lean-typechecker/work/kernel-alignment-pass/importer.Uysmp5IV/src/././lean_import.cmxs
#26 0x00006304bd227599 in camlStdlib__Fun__protect_317 () at fun.ml:33
#27 0x00007ee92894096b in camlLean_import__Lean__import_8707 () from /home/theo/Documents/github/rocq-lean-typechecker/work/kernel-alignment-pass/importer.Uysmp5IV/src/././lean_import.cmxs
#28 0x00006304bcc107e2 in camlVernactypes__fun_1447 () at vernac/vernactypes.ml:199
#29 0x00006304bcc106ed in camlVernactypes__fun_1443 () at vernac/vernactypes.ml:196
#30 0x00006304bcc10668 in camlVernactypes__fun_1435 () at vernac/vernactypes.ml:190
#31 0x00006304bcc10363 in camlVernactypes__fun_1425 () at vernac/vernactypes.ml:152
#32 0x00006304bcc1010a in camlVernactypes__fun_1403 () at vernac/vernactypes.ml:140
#33 0x00006304bcc102d8 in camlVernactypes__fun_1419 () at vernac/vernactypes.ml:151
#34 0x00006304bcc10363 in camlVernactypes__fun_1425 () at vernac/vernactypes.ml:152
#35 0x00006304bcc0fd02 in camlVernactypes__fun_1399 () at vernac/vernactypes.ml:93
#36 0x00006304bcc102d8 in camlVernactypes__fun_1419 () at vernac/vernactypes.ml:151
#37 0x00006304bcc0f606 in camlVernactypes__fun_1390 () at vernac/vernactypes.ml:27
#38 0x00006304bcc1021f in camlVernactypes__fun_1407 () at vernac/vernactypes.ml:150
#39 0x00006304bcc1021f in camlVernactypes__fun_1407 () at vernac/vernactypes.ml:150
#40 0x00006304bcc105e4 in camlVernactypes__run_1126 () at vernac/vernactypes.ml:189
#41 0x00006304bcc9ecff in camlVernacinterp__interp_expr_core_514 () at vernac/vernacinterp.ml:80
#42 0x00006304bcc9e8a2 in camlVernacinterp__interp_expr_513 () at vernac/vernacinterp.ml:49
#43 0x00006304bd227599 in camlStdlib__Fun__protect_317 () at fun.ml:33
#44 0x00006304bcc4d50a in camlVernacControl__under_control_1954 () at vernac/vernacControl.ml:244
#45 0x00006304bcc9e7aa in camlVernacinterp__interp_control_gen_474 () at vernac/vernacinterp.ml:36
#46 0x00006304bd227599 in camlStdlib__Fun__protect_317 () at fun.ml:33
#47 0x00006304bd227599 in camlStdlib__Fun__protect_317 () at fun.ml:33
#48 0x00006304bcc9f446 in camlVernacinterp__interp_gen_1193 () at vernac/vernacinterp.ml:157
#49 0x00006304bcc9f62f in camlVernacinterp__interp_inner_1540 () at vernac/vernacinterp.ml:171
#50 0x00006304bcb517d4 in camlStm__step_8350 () at stm/stm.ml:2035
#51 0x00006304bcb4a7a9 in camlStm__define_inner_9646 () at stm/stm.ml:963
#52 0x00006304bcb50ee1 in camlStm__reach_inner_10580 () at stm/stm.ml:2204
#53 0x00006304bcb534c1 in camlStm__observe_6834 () at stm/stm.ml:2296
#54 0x00006304bcb33831 in camlVernac__interp_vernac_1328 () at toplevel/vernac.ml:87
#55 0x00006304bd227599 in camlStdlib__Fun__protect_317 () at fun.ml:33
#56 0x00006304bd227599 in camlStdlib__Fun__protect_317 () at fun.ml:33
#57 0x00006304bcb33dbd in camlVernac__loop_1481 () at toplevel/vernac.ml:135
#58 0x00006304bcb33ad5 in camlVernac__load_vernac_core_1387 () at toplevel/vernac.ml:158
#59 0x00006304bd227599 in camlStdlib__Fun__protect_317 () at fun.ml:33
#60 0x00006304bcb3ac54 in camlCcompile__compile_408 () at toplevel/ccompile.ml:64
#61 0x00006304bcb3afed in camlCcompile__compile_941 () at toplevel/ccompile.ml:98
#62 0x00006304bcb3b1e7 in camlCoqc__coqc_main_369 () at toplevel/coqc.ml:38
#63 0x00006304bcb3b312 in camlCoqc__coqc_run_1054 () at toplevel/coqc.ml:54
#64 0x00006304bcb31e2b in camlDune__exe__Rocqworker__entry () at topbin/rocqworker.ml:45
#65 0x00006304bcb283d9 in caml_program ()
#66 0x00006304bd29395d in caml_start_program ()
#67 0x00006304bd27175c in caml_startup_common (argv=0x7ffd4e752de8, pooling=<optimized out>, pooling@entry=0) at startup_nat.c:160
#68 0x00006304bd2717df in caml_startup_exn (argv=<optimized out>) at startup_nat.c:167
#69 caml_startup (argv=<optimized out>) at startup_nat.c:172
#70 caml_main (argv=<optimized out>) at startup_nat.c:179
#71 0x00006304bcb26222 in main (argc=<optimized out>, argv=<optimized out>) at main.c:37
memory guard: status 2026-09-18T14:49:33+02:00: session=2612545 members(session/scope)=3/3 Rocq workers=1 scope RSS=2908004 KiB; cgroup=2868640/16777216 KiB; MemAvailable=24402196 KiB
memory guard: status 2026-09-18T14:49:48+02:00: session=2612545 members(session/scope)=3/3 Rocq workers=1 scope RSS=2908004 KiB; cgroup=2868636/16777216 KiB; MemAvailable=24402892 KiB
memory guard: status 2026-09-18T14:50:03+02:00: session=2612545 members(session/scope)=3/3 Rocq workers=1 scope RSS=2908004 KiB; cgroup=2868520/16777216 KiB; MemAvailable=24415252 KiB
memory guard: status 2026-09-18T14:50:18+02:00: session=2612545 members(session/scope)=3/3 Rocq workers=1 scope RSS=2908004 KiB; cgroup=2868436/16777216 KiB; MemAvailable=24399488 KiB
memory guard: status 2026-09-18T14:50:33+02:00: session=2612545 members(session/scope)=3/3 Rocq workers=1 scope RSS=2908212 KiB; cgroup=2868532/16777216 KiB; MemAvailable=24379548 KiB
memory guard: status 2026-09-18T14:50:48+02:00: session=2612545 members(session/scope)=3/3 Rocq workers=1 scope RSS=2908212 KiB; cgroup=2868600/16777216 KiB; MemAvailable=24326408 KiB
memory guard: status 2026-09-18T14:51:03+02:00: session=2612545 members(session/scope)=3/3 Rocq workers=1 scope RSS=2908212 KiB; cgroup=2868036/16777216 KiB; MemAvailable=24399760 KiB
memory guard: status 2026-09-18T14:51:18+02:00: session=2612545 members(session/scope)=3/3 Rocq workers=1 scope RSS=2908212 KiB; cgroup=2868596/16777216 KiB; MemAvailable=24409552 KiB
memory guard: status 2026-09-18T14:51:33+02:00: session=2612545 members(session/scope)=3/3 Rocq workers=1 scope RSS=2908212 KiB; cgroup=2868600/16777216 KiB; MemAvailable=24398684 KiB
memory guard: status 2026-09-18T14:51:48+02:00: session=2612545 members(session/scope)=3/3 Rocq workers=1 scope RSS=3049932 KiB; cgroup=3010700/16777216 KiB; MemAvailable=24271544 KiB
memory guard: status 2026-09-18T14:52:03+02:00: session=2612545 members(session/scope)=3/3 Rocq workers=1 scope RSS=3326968 KiB; cgroup=3288516/16777216 KiB; MemAvailable=23955432 KiB
memory guard: status 2026-09-18T14:52:18+02:00: session=2612545 members(session/scope)=3/3 Rocq workers=1 scope RSS=3326968 KiB; cgroup=3288076/16777216 KiB; MemAvailable=23971720 KiB
memory guard: status 2026-09-18T14:52:33+02:00: session=2612545 members(session/scope)=3/3 Rocq workers=1 scope RSS=3326968 KiB; cgroup=3288044/16777216 KiB; MemAvailable=24010028 KiB
memory guard: status 2026-09-18T14:52:48+02:00: session=2612545 members(session/scope)=3/3 Rocq workers=1 scope RSS=3326968 KiB; cgroup=3288468/16777216 KiB; MemAvailable=24104372 KiB

Program received signal SIGUSR1, User defined signal 1.
0x00006304bd2839c1 in caml_hash (count=<optimized out>, limit=<optimized out>, seed=<optimized out>, obj=<optimized out>) at hash.c:301
301	in hash.c

[diagnostic stack] SIGUSR1 time=1789735981.307

Thread 1 (Thread 0x7ee931deeb80 (LWP 2612584) "rocqworker.exe"):
#0  0x00006304bd2839c1 in caml_hash (count=<optimized out>, limit=<optimized out>, seed=<optimized out>, obj=<optimized out>) at hash.c:301
#1  0x00006304bd0b7ac9 in camlTypeops__visit_1285 () at hashtbl.ml:499
#2  0x00006304bd0b7b5c in camlTypeops__fun_4382 () at kernel/typeops.ml:79
#3  0x00006304bd1fca59 in camlStdlib__Array__fold_left_390 () at array.ml:163
#4  0x00006304bd0b7a06 in camlTypeops__syntax_hash_1281 () at kernel/typeops.ml:82
#5  0x00006304bd0b7bd9 in camlTypeops__convert_1340 () at kernel/typeops.ml:89
#6  0x00006304bd0b9620 in camlTypeops__apply_rec_2221 () at kernel/typeops.ml:347
#7  0x00006304bd0bce6a in camlTypeops__apply_3355 () at kernel/typeops.ml:812
#8  0x00006304bd0bd17a in camlTypeops__return_3364 () at kernel/typeops.ml:832
#9  0x00006304bd227599 in camlStdlib__Fun__protect_317 () at fun.ml:33
#10 0x00006304bd0bf5c1 in camlTypeops__infer_type_3754 () at kernel/typeops.ml:1105
#11 0x00006304bd0c8c14 in camlConstant_typing__infer_definition_1845 () at kernel/constant_typing.ml:237
#12 0x00006304bd0e03b0 in camlSafe_typing__add_constant_3915 () at kernel/safe_typing.ml:1187
#13 0x00006304bcfa6d30 in camlGlobal__fun_2342 () at library/global.ml:65
#14 0x00006304bcbf8658 in camlDeclare__declare_constant_inner_10093 () at vernac/declare.ml:687
#15 0x00006304bcbfa73c in camlDeclare__declare_entry_inner_10181 () at vernac/declare.ml:944
#16 0x00007ee92891cdb1 in camlLean_import__Lean__quickdef_inner_10503 () from /home/theo/Documents/github/rocq-lean-typechecker/work/kernel-alignment-pass/importer.Uysmp5IV/src/././lean_import.cmxs
#17 0x00007ee9289364c0 in camlLean_import__Lean__declare_def_6894 () from /home/theo/Documents/github/rocq-lean-typechecker/work/kernel-alignment-pass/importer.Uysmp5IV/src/././lean_import.cmxs
#18 0x00007ee92893d2f1 in camlLean_import__Lean__fun_15027 () from /home/theo/Documents/github/rocq-lean-typechecker/work/kernel-alignment-pass/importer.Uysmp5IV/src/././lean_import.cmxs
#19 0x00007ee92893d25e in camlLean_import__Lean__loop_7963 () from /home/theo/Documents/github/rocq-lean-typechecker/work/kernel-alignment-pass/importer.Uysmp5IV/src/././lean_import.cmxs
#20 0x00007ee92893d518 in camlLean_import__Lean__add_entry_7986 () from /home/theo/Documents/github/rocq-lean-typechecker/work/kernel-alignment-pass/importer.Uysmp5IV/src/././lean_import.cmxs
#21 0x00006304bd176a8e in camlControl__fun_854 () at lib/control.ml:53
#22 0x00006304bd227599 in camlStdlib__Fun__protect_317 () at fun.ml:33
#23 0x00007ee92893e375 in camlLean_import__Lean__with_line_timeout_8109 () from /home/theo/Documents/github/rocq-lean-typechecker/work/kernel-alignment-pass/importer.Uysmp5IV/src/././lean_import.cmxs
#24 0x00007ee92893e6ed in camlLean_import__Lean__process_effect_8215 () from /home/theo/Documents/github/rocq-lean-typechecker/work/kernel-alignment-pass/importer.Uysmp5IV/src/././lean_import.cmxs
#25 0x00007ee92893f07b in camlLean_import__Lean__do_input_pending_8273 () from /home/theo/Documents/github/rocq-lean-typechecker/work/kernel-alignment-pass/importer.Uysmp5IV/src/././lean_import.cmxs
#26 0x00006304bd227599 in camlStdlib__Fun__protect_317 () at fun.ml:33
#27 0x00007ee92894096b in camlLean_import__Lean__import_8707 () from /home/theo/Documents/github/rocq-lean-typechecker/work/kernel-alignment-pass/importer.Uysmp5IV/src/././lean_import.cmxs
#28 0x00006304bcc107e2 in camlVernactypes__fun_1447 () at vernac/vernactypes.ml:199
#29 0x00006304bcc106ed in camlVernactypes__fun_1443 () at vernac/vernactypes.ml:196
#30 0x00006304bcc10668 in camlVernactypes__fun_1435 () at vernac/vernactypes.ml:190
#31 0x00006304bcc10363 in camlVernactypes__fun_1425 () at vernac/vernactypes.ml:152
#32 0x00006304bcc1010a in camlVernactypes__fun_1403 () at vernac/vernactypes.ml:140
#33 0x00006304bcc102d8 in camlVernactypes__fun_1419 () at vernac/vernactypes.ml:151
#34 0x00006304bcc10363 in camlVernactypes__fun_1425 () at vernac/vernactypes.ml:152
#35 0x00006304bcc0fd02 in camlVernactypes__fun_1399 () at vernac/vernactypes.ml:93
#36 0x00006304bcc102d8 in camlVernactypes__fun_1419 () at vernac/vernactypes.ml:151
#37 0x00006304bcc0f606 in camlVernactypes__fun_1390 () at vernac/vernactypes.ml:27
#38 0x00006304bcc1021f in camlVernactypes__fun_1407 () at vernac/vernactypes.ml:150
#39 0x00006304bcc1021f in camlVernactypes__fun_1407 () at vernac/vernactypes.ml:150
#40 0x00006304bcc105e4 in camlVernactypes__run_1126 () at vernac/vernactypes.ml:189
#41 0x00006304bcc9ecff in camlVernacinterp__interp_expr_core_514 () at vernac/vernacinterp.ml:80
#42 0x00006304bcc9e8a2 in camlVernacinterp__interp_expr_513 () at vernac/vernacinterp.ml:49
#43 0x00006304bd227599 in camlStdlib__Fun__protect_317 () at fun.ml:33
#44 0x00006304bcc4d50a in camlVernacControl__under_control_1954 () at vernac/vernacControl.ml:244
#45 0x00006304bcc9e7aa in camlVernacinterp__interp_control_gen_474 () at vernac/vernacinterp.ml:36
#46 0x00006304bd227599 in camlStdlib__Fun__protect_317 () at fun.ml:33
#47 0x00006304bd227599 in camlStdlib__Fun__protect_317 () at fun.ml:33
#48 0x00006304bcc9f446 in camlVernacinterp__interp_gen_1193 () at vernac/vernacinterp.ml:157
#49 0x00006304bcc9f62f in camlVernacinterp__interp_inner_1540 () at vernac/vernacinterp.ml:171
#50 0x00006304bcb517d4 in camlStm__step_8350 () at stm/stm.ml:2035
#51 0x00006304bcb4a7a9 in camlStm__define_inner_9646 () at stm/stm.ml:963
#52 0x00006304bcb50ee1 in camlStm__reach_inner_10580 () at stm/stm.ml:2204
#53 0x00006304bcb534c1 in camlStm__observe_6834 () at stm/stm.ml:2296
#54 0x00006304bcb33831 in camlVernac__interp_vernac_1328 () at toplevel/vernac.ml:87
#55 0x00006304bd227599 in camlStdlib__Fun__protect_317 () at fun.ml:33
#56 0x00006304bd227599 in camlStdlib__Fun__protect_317 () at fun.ml:33
#57 0x00006304bcb33dbd in camlVernac__loop_1481 () at toplevel/vernac.ml:135
#58 0x00006304bcb33ad5 in camlVernac__load_vernac_core_1387 () at toplevel/vernac.ml:158
#59 0x00006304bd227599 in camlStdlib__Fun__protect_317 () at fun.ml:33
#60 0x00006304bcb3ac54 in camlCcompile__compile_408 () at toplevel/ccompile.ml:64
#61 0x00006304bcb3afed in camlCcompile__compile_941 () at toplevel/ccompile.ml:98
#62 0x00006304bcb3b1e7 in camlCoqc__coqc_main_369 () at toplevel/coqc.ml:38
#63 0x00006304bcb3b312 in camlCoqc__coqc_run_1054 () at toplevel/coqc.ml:54
#64 0x00006304bcb31e2b in camlDune__exe__Rocqworker__entry () at topbin/rocqworker.ml:45
#65 0x00006304bcb283d9 in caml_program ()
#66 0x00006304bd29395d in caml_start_program ()
#67 0x00006304bd27175c in caml_startup_common (argv=0x7ffd4e752de8, pooling=<optimized out>, pooling@entry=0) at startup_nat.c:160
#68 0x00006304bd2717df in caml_startup_exn (argv=<optimized out>) at startup_nat.c:167
#69 caml_startup (argv=<optimized out>) at startup_nat.c:172
#70 caml_main (argv=<optimized out>) at startup_nat.c:179
#71 0x00006304bcb26222 in main (argc=<optimized out>, argv=<optimized out>) at main.c:37
memory guard: status 2026-09-18T14:53:03+02:00: session=2612545 members(session/scope)=3/3 Rocq workers=1 scope RSS=3326968 KiB; cgroup=3288384/16777216 KiB; MemAvailable=24045008 KiB
memory guard: status 2026-09-18T14:53:18+02:00: session=2612545 members(session/scope)=3/3 Rocq workers=1 scope RSS=3326968 KiB; cgroup=3288228/16777216 KiB; MemAvailable=24053232 KiB
memory guard: status 2026-09-18T14:53:33+02:00: session=2612545 members(session/scope)=3/3 Rocq workers=1 scope RSS=3326968 KiB; cgroup=3288104/16777216 KiB; MemAvailable=24037264 KiB
memory guard: status 2026-09-18T14:53:48+02:00: session=2612545 members(session/scope)=3/3 Rocq workers=1 scope RSS=3326968 KiB; cgroup=3288076/16777216 KiB; MemAvailable=24057736 KiB
memory guard: status 2026-09-18T14:54:03+02:00: session=2612545 members(session/scope)=3/3 Rocq workers=1 scope RSS=3326968 KiB; cgroup=3288572/16777216 KiB; MemAvailable=24035944 KiB
memory guard: status 2026-09-18T14:54:18+02:00: session=2612545 members(session/scope)=3/3 Rocq workers=1 scope RSS=3343152 KiB; cgroup=3305376/16777216 KiB; MemAvailable=24057948 KiB
memory guard: status 2026-09-18T14:54:33+02:00: session=2612545 members(session/scope)=3/3 Rocq workers=1 scope RSS=3377804 KiB; cgroup=3339208/16777216 KiB; MemAvailable=23899228 KiB
memory guard: status 2026-09-18T14:54:48+02:00: session=2612545 members(session/scope)=3/3 Rocq workers=1 scope RSS=3410572 KiB; cgroup=3372136/16777216 KiB; MemAvailable=23886408 KiB
memory guard: status 2026-09-18T14:55:03+02:00: session=2612545 members(session/scope)=3/3 Rocq workers=1 scope RSS=3429952 KiB; cgroup=3391744/16777216 KiB; MemAvailable=23907632 KiB
memory guard: status 2026-09-18T14:55:18+02:00: session=2612545 members(session/scope)=3/3 Rocq workers=1 scope RSS=3462624 KiB; cgroup=3423988/16777216 KiB; MemAvailable=23885236 KiB
memory guard: status 2026-09-18T14:55:33+02:00: session=2612545 members(session/scope)=3/3 Rocq workers=1 scope RSS=3746864 KiB; cgroup=3709096/16777216 KiB; MemAvailable=23610112 KiB

Program received signal SIGUSR1, User defined signal 1.
0x00006304bd1b9b0c in camlInt__find_opt_943 () at clib/int.ml:54
warning: 54	clib/int.ml: No such file or directory

[diagnostic stack] SIGUSR1 time=1789736145.028

Thread 1 (Thread 0x7ee931deeb80 (LWP 2612584) "rocqworker.exe"):
#0  0x00006304bd1b9b0c in camlInt__find_opt_943 () at clib/int.ml:54
#1  0x00006304bd097888 in camlHConstr__raw_find_747 () at kernel/hConstr.ml:133
#2  0x00006304bd099a57 in camlHConstr__finish_2045 () at kernel/hConstr.ml:388
#3  0x00006304bd09a0eb in camlHConstr__return_2062 () at kernel/hConstr.ml:427
#4  0x00006304bd09a2da in camlHConstr__of_constr_aux_2033 () at kernel/hConstr.ml:442
#5  0x00006304bd099d3b in camlHConstr__visit_2061 () at kernel/hConstr.ml:415
#6  0x00006304bd09b406 in camlHConstr__of_constr_2405 () at kernel/hConstr.ml:546
#7  0x00006304bd0b7f2d in camlTypeops__shared_type_syntax_1539 () at kernel/typeops.ml:121
#8  0x00006304bd0b800e in camlTypeops__conv_leq_1554 () at kernel/typeops.ml:130
#9  0x00006304bd0ba8ea in camlTypeops__check_cast_2836 () at kernel/typeops.ml:531
#10 0x00006304bd0c8c49 in camlConstant_typing__infer_definition_1845 () at kernel/constant_typing.ml:239
#11 0x00006304bd0e03b0 in camlSafe_typing__add_constant_3915 () at kernel/safe_typing.ml:1187
#12 0x00006304bcfa6d30 in camlGlobal__fun_2342 () at library/global.ml:65
#13 0x00006304bcbf8658 in camlDeclare__declare_constant_inner_10093 () at vernac/declare.ml:687
#14 0x00006304bcbfa73c in camlDeclare__declare_entry_inner_10181 () at vernac/declare.ml:944
#15 0x00007ee92891cdb1 in camlLean_import__Lean__quickdef_inner_10503 () from /home/theo/Documents/github/rocq-lean-typechecker/work/kernel-alignment-pass/importer.Uysmp5IV/src/././lean_import.cmxs
#16 0x00007ee9289364c0 in camlLean_import__Lean__declare_def_6894 () from /home/theo/Documents/github/rocq-lean-typechecker/work/kernel-alignment-pass/importer.Uysmp5IV/src/././lean_import.cmxs
#17 0x00007ee92893d2f1 in camlLean_import__Lean__fun_15027 () from /home/theo/Documents/github/rocq-lean-typechecker/work/kernel-alignment-pass/importer.Uysmp5IV/src/././lean_import.cmxs
#18 0x00007ee92893d25e in camlLean_import__Lean__loop_7963 () from /home/theo/Documents/github/rocq-lean-typechecker/work/kernel-alignment-pass/importer.Uysmp5IV/src/././lean_import.cmxs
#19 0x00007ee92893d518 in camlLean_import__Lean__add_entry_7986 () from /home/theo/Documents/github/rocq-lean-typechecker/work/kernel-alignment-pass/importer.Uysmp5IV/src/././lean_import.cmxs
#20 0x00006304bd176a8e in camlControl__fun_854 () at lib/control.ml:53
#21 0x00006304bd227599 in camlStdlib__Fun__protect_317 () at fun.ml:33
#22 0x00007ee92893e375 in camlLean_import__Lean__with_line_timeout_8109 () from /home/theo/Documents/github/rocq-lean-typechecker/work/kernel-alignment-pass/importer.Uysmp5IV/src/././lean_import.cmxs
#23 0x00007ee92893e6ed in camlLean_import__Lean__process_effect_8215 () from /home/theo/Documents/github/rocq-lean-typechecker/work/kernel-alignment-pass/importer.Uysmp5IV/src/././lean_import.cmxs
#24 0x00007ee92893f07b in camlLean_import__Lean__do_input_pending_8273 () from /home/theo/Documents/github/rocq-lean-typechecker/work/kernel-alignment-pass/importer.Uysmp5IV/src/././lean_import.cmxs
#25 0x00006304bd227599 in camlStdlib__Fun__protect_317 () at fun.ml:33
#26 0x00007ee92894096b in camlLean_import__Lean__import_8707 () from /home/theo/Documents/github/rocq-lean-typechecker/work/kernel-alignment-pass/importer.Uysmp5IV/src/././lean_import.cmxs
#27 0x00006304bcc107e2 in camlVernactypes__fun_1447 () at vernac/vernactypes.ml:199
#28 0x00006304bcc106ed in camlVernactypes__fun_1443 () at vernac/vernactypes.ml:196
#29 0x00006304bcc10668 in camlVernactypes__fun_1435 () at vernac/vernactypes.ml:190
#30 0x00006304bcc10363 in camlVernactypes__fun_1425 () at vernac/vernactypes.ml:152
#31 0x00006304bcc1010a in camlVernactypes__fun_1403 () at vernac/vernactypes.ml:140
#32 0x00006304bcc102d8 in camlVernactypes__fun_1419 () at vernac/vernactypes.ml:151
#33 0x00006304bcc10363 in camlVernactypes__fun_1425 () at vernac/vernactypes.ml:152
#34 0x00006304bcc0fd02 in camlVernactypes__fun_1399 () at vernac/vernactypes.ml:93
#35 0x00006304bcc102d8 in camlVernactypes__fun_1419 () at vernac/vernactypes.ml:151
#36 0x00006304bcc0f606 in camlVernactypes__fun_1390 () at vernac/vernactypes.ml:27
#37 0x00006304bcc1021f in camlVernactypes__fun_1407 () at vernac/vernactypes.ml:150
#38 0x00006304bcc1021f in camlVernactypes__fun_1407 () at vernac/vernactypes.ml:150
#39 0x00006304bcc105e4 in camlVernactypes__run_1126 () at vernac/vernactypes.ml:189
#40 0x00006304bcc9ecff in camlVernacinterp__interp_expr_core_514 () at vernac/vernacinterp.ml:80
#41 0x00006304bcc9e8a2 in camlVernacinterp__interp_expr_513 () at vernac/vernacinterp.ml:49
#42 0x00006304bd227599 in camlStdlib__Fun__protect_317 () at fun.ml:33
#43 0x00006304bcc4d50a in camlVernacControl__under_control_1954 () at vernac/vernacControl.ml:244
#44 0x00006304bcc9e7aa in camlVernacinterp__interp_control_gen_474 () at vernac/vernacinterp.ml:36
#45 0x00006304bd227599 in camlStdlib__Fun__protect_317 () at fun.ml:33
#46 0x00006304bd227599 in camlStdlib__Fun__protect_317 () at fun.ml:33
#47 0x00006304bcc9f446 in camlVernacinterp__interp_gen_1193 () at vernac/vernacinterp.ml:157
#48 0x00006304bcc9f62f in camlVernacinterp__interp_inner_1540 () at vernac/vernacinterp.ml:171
#49 0x00006304bcb517d4 in camlStm__step_8350 () at stm/stm.ml:2035
#50 0x00006304bcb4a7a9 in camlStm__define_inner_9646 () at stm/stm.ml:963
#51 0x00006304bcb50ee1 in camlStm__reach_inner_10580 () at stm/stm.ml:2204
#52 0x00006304bcb534c1 in camlStm__observe_6834 () at stm/stm.ml:2296
#53 0x00006304bcb33831 in camlVernac__interp_vernac_1328 () at toplevel/vernac.ml:87
#54 0x00006304bd227599 in camlStdlib__Fun__protect_317 () at fun.ml:33
#55 0x00006304bd227599 in camlStdlib__Fun__protect_317 () at fun.ml:33
#56 0x00006304bcb33dbd in camlVernac__loop_1481 () at toplevel/vernac.ml:135
#57 0x00006304bcb33ad5 in camlVernac__load_vernac_core_1387 () at toplevel/vernac.ml:158
#58 0x00006304bd227599 in camlStdlib__Fun__protect_317 () at fun.ml:33
#59 0x00006304bcb3ac54 in camlCcompile__compile_408 () at toplevel/ccompile.ml:64
#60 0x00006304bcb3afed in camlCcompile__compile_941 () at toplevel/ccompile.ml:98
#61 0x00006304bcb3b1e7 in camlCoqc__coqc_main_369 () at toplevel/coqc.ml:38
#62 0x00006304bcb3b312 in camlCoqc__coqc_run_1054 () at toplevel/coqc.ml:54
#63 0x00006304bcb31e2b in camlDune__exe__Rocqworker__entry () at topbin/rocqworker.ml:45
#64 0x00006304bcb283d9 in caml_program ()
#65 0x00006304bd29395d in caml_start_program ()
#66 0x00006304bd27175c in caml_startup_common (argv=0x7ffd4e752de8, pooling=<optimized out>, pooling@entry=0) at startup_nat.c:160
#67 0x00006304bd2717df in caml_startup_exn (argv=<optimized out>) at startup_nat.c:167
#68 caml_startup (argv=<optimized out>) at startup_nat.c:172
#69 caml_main (argv=<optimized out>) at startup_nat.c:179
#70 0x00006304bcb26222 in main (argc=<optimized out>, argv=<optimized out>) at main.c:37
memory guard: status 2026-09-18T14:55:48+02:00: session=2612545 members(session/scope)=3/3 Rocq workers=1 scope RSS=3746864 KiB; cgroup=3708808/16777216 KiB; MemAvailable=23616544 KiB
memory guard: status 2026-09-18T14:56:03+02:00: session=2612545 members(session/scope)=3/3 Rocq workers=1 scope RSS=3746864 KiB; cgroup=3708680/16777216 KiB; MemAvailable=23604632 KiB
memory guard: status 2026-09-18T14:56:18+02:00: session=2612545 members(session/scope)=3/3 Rocq workers=1 scope RSS=3751064 KiB; cgroup=3713420/16777216 KiB; MemAvailable=23610796 KiB
memory guard: status 2026-09-18T14:56:33+02:00: session=2612545 members(session/scope)=3/3 Rocq workers=1 scope RSS=3752856 KiB; cgroup=3715228/16777216 KiB; MemAvailable=23617448 KiB
memory guard: status 2026-09-18T14:56:48+02:00: session=2612545 members(session/scope)=3/3 Rocq workers=1 scope RSS=3752856 KiB; cgroup=3715240/16777216 KiB; MemAvailable=23614216 KiB
memory guard: status 2026-09-18T14:57:03+02:00: session=2612545 members(session/scope)=3/3 Rocq workers=1 scope RSS=3752856 KiB; cgroup=3715256/16777216 KiB; MemAvailable=23598580 KiB
[declare after quickdef] _private.ProofWidgets.Component.PenroseDiagram0.ProofWidgets.Penrose.Diagram._proof_1 instance 0 cpu=652.305 heap_words=457468416 major=27
[declare done] _private.ProofWidgets.Component.PenroseDiagram0.ProofWidgets.Penrose.Diagram._proof_1 instance 0 cpu=652.305 heap_words=457468416 major=27


Done!
- 261 entries (472 possible instances).
- 25 universe expressions
- 1727 names
- 7928 expression nodes
Max universe instance length 3.
0 inductives have non syntactically arity types.
[lean checkpoint] before checkpoint GC cpu=652.305 heap_words=457468416 major_collections=27
memory guard: status 2026-09-18T14:57:18+02:00: session=2612545 members(session/scope)=3/3 Rocq workers=1 scope RSS=3752884 KiB; cgroup=3714744/16777216 KiB; MemAvailable=23586412 KiB
[lean checkpoint] before indexed encoding cpu=663.268 heap_words=111557120 major_collections=29
[lean indexed checkpoint] expressions=7928 probes=45709 max_probe=16
[lean checkpoint] after indexed encoding cpu=663.352 heap_words=111557120 major_collections=29
[lean checkpoint] before pack cpu=671.039 heap_words=111557120 major_collections=31
[lean checkpoint] after checkpoint file write cpu=671.043 heap_words=111557120 major_collections=31
[lean checkpoint] after pack cpu=671.044 heap_words=111557120 major_collections=31
memory guard: status 2026-09-18T14:57:33+02:00: session=2612545 members(session/scope)=3/3 Rocq workers=1 scope RSS=1339828 KiB; cgroup=1297480/16777216 KiB; MemAvailable=25893564 KiB
[Inferior 1 (process 2612584) exited normally]
memory guard: finished with status 0; cgroup peak=3898832 KiB (hard limit 16777216 KiB)
