memory guard: admitted with MemAvailable=27470244 KiB, reserve=3145728 KiB, RSS limit=15728640 KiB, cgroup high/max/swap=16777216/16777216/0 KiB, stack=262144 KiB
memory guard: status 2026-09-18T13:50:47+02:00: session=2471758 members(session/scope)=2/2 Rocq workers=0 scope RSS=28336 KiB; cgroup=9700/16777216 KiB; MemAvailable=27463480 KiB

This GDB supports auto-downloading debuginfo from the following URLs:
  <https://debuginfod.ubuntu.com>
Debuginfod has been disabled.
To make this setting permanent, add 'set debuginfod enabled off' to .gdbinit.
[Thread debugging using libthread_db enabled]
Using host libthread_db library "/lib/x86_64-linux-gnu/libthread_db.so.1".
line 55: LE
line 56: LE.(field).le
line 79: LT
line 80: LT.(field).lt
line 87: LE.le
line 146: List
line 171: Array
line 172: Array.(field).toList
line 210: Nat
Nat is predeclared
line 217: LT.lt
line 291: Nat.le
Nat_le is predeclared
line 297: Nat.lt
line 305: instLTNat
line 305: LT_inst1.(field).lt0
line 343: Fin
Fin is predeclared
line 347: outParam
line 411: HPow
line 412: HPow.(field).hPow
line 422: HPow.hPow
line 463: Pow
line 464: Pow.(field).pow
line 472: Pow.pow
line 515: instHPow
line 545: NatPow
line 546: NatPow.(field).pow0
line 552: NatPow.pow
line 578: instPowNat
line 578: Pow_inst2.(field).pow1
line 592: PUnit
line 633: PProd
line 634: PProd.(field).snd
line 634: PProd.(field).fst
line 653: Nat.below
line 703: Nat.brecOn.go
line 715: Nat.brecOn
line 718: Unit
line 760: OfNat
line 761: OfNat.(field).ofNat
line 769: OfNat.ofNat
line 780: instOfNatNat
line 780: OfNat_inst1.(field).ofNat0
line 801: Nat.casesOn
line 805: Unit.unit
line 852: Nat.pow.match_1
line 907: Nat.mul.match_1
line 936: Nat.add.match_1
line 976: Nat.add
Nat_add is predeclared
line 1003: Nat.mul
Nat_mul is predeclared
line 1039: Nat.pow
Nat_pow is predeclared
line 1047: instNatPowNat
line 1047: NatPow_inst1.(field).pow2
line 1097: BitVec
BitVec is predeclared
line 1121: UInt8
line 1122: UInt8.(field).toBitVec
line 1141: ByteArray
line 1142: Array_inst1.(field).toList0
line 1142: ByteArray.(field).data
line 1163: UInt32
UInt32 is predeclared
line 1216: Or
Or is predeclared
line 1250: And
And is predeclared
line 1273: Nat.isValidChar
Nat_isValidChar is predeclared
line 1280: Fin.val
line 1287: BitVec.toFin
line 1287: Pow_inst3.(field).pow3
line 1287: HPow_inst7.(field).hPow0
line 1299: BitVec.toNat
line 1304: UInt32.toBitVec
line 1313: UInt32.toNat
UInt32_toNat is predeclared
line 1321: UInt32.isValidChar
UInt32_isValidChar is predeclared
line 1345: Char
Char is predeclared
line 1378: Eq
Eq is predeclared
line 1403: List.below
line 1472: List.brecOn.go
line 1487: List.brecOn
line 1517: List.casesOn
line 1592: List.toByteArray.match_1
line 1606: ByteArray.casesOn
line 1655: ByteArray.push.match_1
line 1727: List.concat.match_1
line 1807: List.concat
line 1814: Array.toList
line 1830: Array.push
line 1852: ByteArray.push
line 1899: List.toByteArray.loop
line 1908: Array.emptyWithCapacity
line 1915: Array.empty
line 1922: ByteArray.emptyWithCapacity
line 1926: ByteArray.empty
line 1933: List.toByteArray
line 1989: List.flatten.match_1
line 2027: List.append.match_1
line 2100: List.append
line 2150: List.flatten
line 2198: instDecidableEqList.match_1
line 2273: List.map
line 2295: List.flatMap
line 2300: Char.val
line 2307: False
False is predeclared
line 2311: Not
line 2357: Decidable
Decidable is predeclared
line 2387: Decidable.casesOn
line 2415: ite
line 2422: instLENat
line 2422: LE_inst1.(field).le0
line 2437: dite
line 2460: Bool
Bool is predeclared
line 2528: Nat.ble.match_1
line 2568: Nat.ble
line 2579: DecidableEq
line 2596: Bool.casesOn
line 2668: Bool.decEq.match_1
line 2680: rfl
line 2705: Bool.noConfusionType
line 2747: Eq.ndrec
line 2787: Bool.noConfusion
line 2835: Bool.decEq
line 2840: instDecidableEqBool
line 2855: False.elim
line 2882: Eq.casesOn
line 2928: HEq
line 2941: True
line 3013: Nat.beq.match_1
line 3037: Nat.beq
line 3067: _private.Init.Prelude0.noConfusion_of_Nat.aux.match_1_1
line 3110: _private.Init.Prelude0.noConfusion_of_Nat.aux
line 3110: PProd_inst1.(field).snd0
line 3110: PProd_inst1.(field).fst0
line 3163: congrArg
line 3214: noConfusion_of_Nat
line 3228: Bool.ctorIdx
line 3411: _private.Init.Prelude0.Nat.le_of_ble_eq_true.match_1_1
line 3414: _private.Init.Prelude0.Nat.zero_le.match_1_1
line 3463: Nat.zero_le
line 3589: Nat.le.below
line 3630: Nat.le.brecOn
line 3704: Nat.le.below.casesOn
line 3739: Eq.symm
line 3768: cast
line 3861: eq_of_heq
line 4400: _private.Init.Prelude0.Nat.succ_le_succ.match_1_4
Eq_inst1 is predeclared
line 4438: HAdd
line 4439: HAdd.(field).hAdd
line 4449: HAdd.hAdd
line 4477: Add
line 4478: Add.(field).add
line 4484: Add.add
line 4512: instHAdd
line 4519: instAddNat
line 4519: Add_inst1.(field).add0
line 4593: Nat.succ_le_succ
line 4593: HAdd_inst7.(field).hAdd0
line 4649: Nat.le_of_ble_eq_true
line 4668: absurd
line 4671: _private.Init.Prelude0.Nat.ble_eq_true_of_le.match_1_4
line 4687: _private.Init.Prelude0.Nat.ble_self_eq_true.match_1_1
line 4724: Nat.ble_self_eq_true
line 4727: _private.Init.Prelude0.Nat.ble_succ_eq_true.match_1_1
line 4812: Nat.ble_succ_eq_true
line 4870: Nat.ble_eq_true_of_le
line 4894: Nat.not_le_of_not_ble_eq_true
line 4924: Nat.decLe
line 4962: HMod
line 4963: HMod.(field).hMod
line 4973: HMod.hMod
line 4997: Mod
line 4998: Mod.(field).mod
line 5004: Mod.mod
line 5032: instHMod
line 5042: namedPattern
line 5109: Nat.mod.match_1
line 5121: Nat.decLt
line 5155: Nat.le.casesOn
line 5164: Nat.ctorIdx
line 5294: Nat.div.go.match_1
line 5332: HSub
line 5333: HSub.(field).hSub
line 5343: HSub.hSub
line 5367: Sub
line 5368: Sub.(field).sub
line 5374: Sub.sub
line 5402: instHSub
line 5415: Nat.pred
Nat_pred is predeclared
line 5440: Nat.sub
Nat_sub is predeclared
line 5448: instSubNat
line 5448: Sub_inst1.(field).sub0
line 5995: _private.Init.Prelude0.Nat.le_trans.match_1_6
line 6079: Nat.le_trans
line 6095: Nat.lt_of_lt_of_le
line 6124: And.casesOn
line 6197: _private.Init.Prelude0.Nat.div_rec_lemma.match_1_1
line 6324: _private.Init.Prelude0.Nat.sub_lt.match_1_1
line 6327: _private.Init.Prelude0.Nat.not_succ_le_self.match_1_1
line 6356: Nat.noConfusionType
line 6395: Nat.noConfusion
line 6456: Nat.not_succ_le_zero
line 6695: _private.Init.Prelude0.Nat.pred_le_pred.match_1_1
line 6703: Nat.le_succ
line 6748: Nat.pred_le_pred
line 6760: Nat.le_of_succ_le_succ
line 6821: Nat.not_succ_le_self
line 6829: Nat.lt_irrefl
line 6839: Nat.lt_succ_of_le
line 6844: Nat.le_refl
line 6847: _private.Init.Prelude0.Nat.pred_le.match_1_1
line 6880: Nat.pred_le
line 6930: Nat.sub_le
line 6930: HSub_inst7.(field).hSub0
line 6970: Nat.succ_sub_succ_eq_sub
line 7060: Nat.sub_lt
line 7094: Nat.div_rec_lemma
line 7104: Nat.le_of_lt_succ
line 7139: Nat.div_rec_fuel_lemma
line 7210: Nat.modCore.go
line 7218: Nat.lt_add_one
line 7225: Nat.lt_succ_self
line 7247: Nat.modCore
line 7276: Nat.mod
line 7284: Nat.instMod
line 7284: Mod_inst1.(field).mod0
line 7427: _private.Init.Prelude0.Nat.mod_lt.match_1_3
line 7435: Nat.zero_lt_succ
line 7481: _private.Init.Prelude0.Nat.mod_lt.match_1_1
line 7526: _private.Init.Prelude0.Nat.modCore_lt.match_1_1
line 7533: Nat.not_lt_zero
line 7579: _private.Init.Prelude0.Nat.modCoreGo_lt.match_1_1
line 7611: Or.casesOn
line 7635: _private.Init.Prelude0.Or.elim.match_1_1
line 7658: Or.elim
line 7664: id
line 7693: Or.resolve_right
line 7709: GE.ge
line 7712: _private.Init.Prelude0.Nat.lt_or_ge.match_1_5
line 7776: _private.Init.Prelude0.Nat.lt_or_ge.match_1_3
line 7788: Nat.le_succ_of_le
line 7842: _private.Init.Prelude0.Nat.lt_or_ge.match_1_1
line 7958: Nat.eq_or_lt_of_le.match_3
line 8008: Nat.eq_or_lt_of_le.match_1
line 8138: Nat.eq_or_lt_of_le
line 8258: Nat.lt_or_ge
line 8276: Nat.lt_of_not_le
line 8399: Nat.modCoreGo_lt
line 8468: Nat.modCore_lt
line 8551: Nat.mod_lt
line 8551: HMod_inst7.(field).hMod0
line 8570: Fin.Internal.ofNat
line 8620: _private.Init.Prelude0.Nat.pow_pos.match_1_1
line 8658: HMul
line 8659: HMul.(field).hMul
line 8669: HMul.hMul
line 8693: Mul
line 8694: Mul.(field).mul
line 8700: Mul.mul
line 8728: instHMul
line 8735: instMulNat
line 8735: Mul_inst1.(field).mul0
line 8828: _private.Init.Prelude0.Nat.mul_pos.match_1_1
line 8896: _private.Init.Prelude0.Nat.add_pos_right.match_1_1
line 8932: Nat.add_pos_right
line 8988: Nat.mul_pos
line 8988: HMul_inst7.(field).hMul0
line 9065: Nat.pow_pos
line 9076: BitVec.ofNat._proof_1
line 9090: BitVec.ofNat
line 9098: UInt8.ofNat
line 9136: HDiv
line 9137: HDiv.(field).hDiv
line 9147: HDiv.hDiv
line 9171: Div
line 9172: Div.(field).div
line 9178: Div.div
line 9206: instHDiv
line 9235: Nat.div.go
line 9249: Nat.div
line 9257: Nat.instDiv
line 9257: Div_inst1.(field).div0
line 9385: String.utf8EncodeChar
line 9385: HDiv_inst7.(field).hDiv0
line 9398: List.utf8Encode
line 9435: ByteArray.IsValidUTF8
line 9436: ByteArray_IsValidUTF8.(field).hm
line 9436: ByteArray_IsValidUTF8.(field).m
line 9458: String
line 9459: String.(field).isValidUTF8
line 9459: String.(field).toByteArray
line 9495: BitVec.ofNatLT
line 9516: Decidable.decide
line 9536: _private.Init.Prelude0.of_decide_eq_true.match_1_1
line 9586: _private.Init.Prelude0.ne_true_of_eq_false.match_1_1
line 9611: ne_true_of_eq_false
line 9675: _private.Init.Prelude0.decide_eq_false.match_1_1
line 9723: decide_eq_false
line 9759: of_decide_eq_true
line 9772: String.ofList._proof_1
line 9779: String.ofList
line 9804: Inhabited
line 9805: Inhabited.(field).default
line 9811: Inhabited.default
line 9832: UInt64
line 9833: UInt64.(field).toBitVec0
line 9840: UInt64.size
line 9852: UInt64.ofNatLT
line 9863: instInhabitedUInt64._proof_1
line 9871: instInhabitedUInt64
line 9878: String.hash
line 9907: Hashable
line 9908: Hashable.(field).hash
line 9914: Hashable.hash
line 9922: instHashableString
line 9934 took 1.452 secs (1.296u,0.145s)


Done!
- 260 entries (471 possible instances).
- 25 universe expressions
- 1727 names
- 7928 expression nodes
Max universe instance length 3.
0 inductives have non syntactically arity types.
[lean checkpoint] before checkpoint GC cpu=8.871 heap_words=48885760 major_collections=8
[lean checkpoint] before indexed encoding cpu=10.092 heap_words=24581632 major_collections=10
[lean indexed checkpoint] expressions=7928 probes=45696 max_probe=16
[lean checkpoint] after indexed encoding cpu=10.189 heap_words=24581632 major_collections=10
[lean checkpoint] before pack cpu=11.131 heap_words=24581632 major_collections=12
[lean checkpoint] after checkpoint file write cpu=11.139 heap_words=24581632 major_collections=12
[lean checkpoint] after pack cpu=11.140 heap_words=24581632 major_collections=12
[Inferior 1 (process 2471793) exited normally]
memory guard: finished with status 0; cgroup peak=520680 KiB (hard limit 16777216 KiB)
