checkpoint runner: staging MathlibTo55000000Reload.vo in /home/theo/Documents/github/rocq-lean-typechecker/work/mathlib-alignment-5m-20260913-with-terminal/checkpoints/.MathlibTo55000000Reload.stage.GBJltCF3
memory guard: admitted with MemAvailable=26965312 KiB, reserve=2097152 KiB, RSS limit=24414062 KiB, cgroup high/max/swap=24414062/24414062/0 KiB, stack=262144 KiB
memory guard: status 2026-09-18T16:03:02+02:00: session=2803237 members(session/scope)=3/3 Rocq workers=0 scope RSS=25996 KiB; cgroup=10680/24414062 KiB; MemAvailable=26963904 KiB
memory guard: status 2026-09-18T16:03:17+02:00: session=2803237 members(session/scope)=4/4 Rocq workers=1 scope RSS=4472264 KiB; cgroup=4445112/24414062 KiB; MemAvailable=21994652 KiB
memory guard: status 2026-09-18T16:03:32+02:00: session=2803237 members(session/scope)=4/4 Rocq workers=1 scope RSS=7057888 KiB; cgroup=7034188/24414062 KiB; MemAvailable=20042004 KiB
memory guard: status 2026-09-18T16:03:47+02:00: session=2803237 members(session/scope)=4/4 Rocq workers=1 scope RSS=8036104 KiB; cgroup=8013072/24414062 KiB; MemAvailable=18488808 KiB
memory guard: status 2026-09-18T16:04:02+02:00: session=2803237 members(session/scope)=4/4 Rocq workers=1 scope RSS=8107988 KiB; cgroup=8083524/24414062 KiB; MemAvailable=18638936 KiB
memory guard: status 2026-09-18T16:04:17+02:00: session=2803237 members(session/scope)=4/4 Rocq workers=1 scope RSS=8141004 KiB; cgroup=8115984/24414062 KiB; MemAvailable=18536464 KiB
memory guard: status 2026-09-18T16:04:32+02:00: session=2803237 members(session/scope)=4/4 Rocq workers=1 scope RSS=8164400 KiB; cgroup=8138880/24414062 KiB; MemAvailable=18146608 KiB
memory guard: status 2026-09-18T16:04:47+02:00: session=2803237 members(session/scope)=4/4 Rocq workers=1 scope RSS=8414836 KiB; cgroup=8390588/24414062 KiB; MemAvailable=18796796 KiB
memory guard: status 2026-09-18T16:05:02+02:00: session=2803237 members(session/scope)=4/4 Rocq workers=1 scope RSS=9153228 KiB; cgroup=9130556/24414062 KiB; MemAvailable=18199476 KiB
memory guard: status 2026-09-18T16:05:17+02:00: session=2803237 members(session/scope)=4/4 Rocq workers=1 scope RSS=10886892 KiB; cgroup=10867460/24414062 KiB; MemAvailable=16405004 KiB
memory guard: status 2026-09-18T16:05:32+02:00: session=2803237 members(session/scope)=4/4 Rocq workers=1 scope RSS=11406276 KiB; cgroup=11387284/24414062 KiB; MemAvailable=15977148 KiB
memory guard: status 2026-09-18T16:05:47+02:00: session=2803237 members(session/scope)=4/4 Rocq workers=1 scope RSS=11923004 KiB; cgroup=11904348/24414062 KiB; MemAvailable=15466556 KiB
memory guard: status 2026-09-18T16:06:02+02:00: session=2803237 members(session/scope)=4/4 Rocq workers=1 scope RSS=12428580 KiB; cgroup=12410444/24414062 KiB; MemAvailable=14995240 KiB
memory guard: status 2026-09-18T16:06:17+02:00: session=2803237 members(session/scope)=4/4 Rocq workers=1 scope RSS=12473004 KiB; cgroup=12455248/24414062 KiB; MemAvailable=14937688 KiB
memory guard: status 2026-09-18T16:06:32+02:00: session=2803237 members(session/scope)=4/4 Rocq workers=1 scope RSS=12473004 KiB; cgroup=12455884/24414062 KiB; MemAvailable=15106348 KiB
memory guard: status 2026-09-18T16:06:47+02:00: session=2803237 members(session/scope)=4/4 Rocq workers=1 scope RSS=12473148 KiB; cgroup=12467484/24414062 KiB; MemAvailable=15104568 KiB
memory guard: status 2026-09-18T16:07:02+02:00: session=2803237 members(session/scope)=4/4 Rocq workers=1 scope RSS=12473264 KiB; cgroup=12489568/24414062 KiB; MemAvailable=15148668 KiB
memory guard: status 2026-09-18T16:07:17+02:00: session=2803237 members(session/scope)=4/4 Rocq workers=1 scope RSS=12473264 KiB; cgroup=12489092/24414062 KiB; MemAvailable=15069944 KiB
memory guard: status 2026-09-18T16:07:32+02:00: session=2803237 members(session/scope)=4/4 Rocq workers=1 scope RSS=12473264 KiB; cgroup=12489264/24414062 KiB; MemAvailable=15132984 KiB
memory guard: status 2026-09-18T16:07:47+02:00: session=2803237 members(session/scope)=4/4 Rocq workers=1 scope RSS=12473264 KiB; cgroup=12489248/24414062 KiB; MemAvailable=15154624 KiB
memory guard: status 2026-09-18T16:08:02+02:00: session=2803237 members(session/scope)=4/4 Rocq workers=1 scope RSS=12474608 KiB; cgroup=12490268/24414062 KiB; MemAvailable=15167520 KiB
memory guard: status 2026-09-18T16:08:17+02:00: session=2803237 members(session/scope)=4/4 Rocq workers=1 scope RSS=12474608 KiB; cgroup=12490108/24414062 KiB; MemAvailable=15034236 KiB
memory guard: status 2026-09-18T16:08:32+02:00: session=2803237 members(session/scope)=4/4 Rocq workers=1 scope RSS=12474608 KiB; cgroup=12490540/24414062 KiB; MemAvailable=15070428 KiB
memory guard: status 2026-09-18T16:08:47+02:00: session=2803237 members(session/scope)=4/4 Rocq workers=1 scope RSS=12474608 KiB; cgroup=12489948/24414062 KiB; MemAvailable=15081164 KiB
memory guard: status 2026-09-18T16:09:02+02:00: session=2803237 members(session/scope)=4/4 Rocq workers=1 scope RSS=13480036 KiB; cgroup=13494652/24414062 KiB; MemAvailable=14111324 KiB
memory guard: status 2026-09-18T16:09:17+02:00: session=2803237 members(session/scope)=4/4 Rocq workers=1 scope RSS=13480036 KiB; cgroup=13495284/24414062 KiB; MemAvailable=14106076 KiB
memory guard: status 2026-09-18T16:09:32+02:00: session=2803237 members(session/scope)=4/4 Rocq workers=1 scope RSS=13480036 KiB; cgroup=13494564/24414062 KiB; MemAvailable=14127516 KiB
memory guard: status 2026-09-18T16:09:47+02:00: session=2803237 members(session/scope)=4/4 Rocq workers=1 scope RSS=13480036 KiB; cgroup=13494020/24414062 KiB; MemAvailable=13824324 KiB
memory guard: status 2026-09-18T16:10:02+02:00: session=2803237 members(session/scope)=4/4 Rocq workers=1 scope RSS=13479968 KiB; cgroup=13491848/24414062 KiB; MemAvailable=13462692 KiB
memory guard: status 2026-09-18T16:10:17+02:00: session=2803237 members(session/scope)=4/4 Rocq workers=1 scope RSS=13479968 KiB; cgroup=13491612/24414062 KiB; MemAvailable=13770576 KiB
memory guard: status 2026-09-18T16:10:32+02:00: session=2803237 members(session/scope)=4/4 Rocq workers=1 scope RSS=13479968 KiB; cgroup=13491912/24414062 KiB; MemAvailable=13811120 KiB
memory guard: status 2026-09-18T16:10:47+02:00: session=2803237 members(session/scope)=4/4 Rocq workers=1 scope RSS=13479968 KiB; cgroup=13492260/24414062 KiB; MemAvailable=13843644 KiB
memory guard: status 2026-09-18T16:11:02+02:00: session=2803237 members(session/scope)=4/4 Rocq workers=1 scope RSS=13479968 KiB; cgroup=13491344/24414062 KiB; MemAvailable=13840252 KiB
memory guard: status 2026-09-18T16:11:17+02:00: session=2803237 members(session/scope)=4/4 Rocq workers=1 scope RSS=13479968 KiB; cgroup=13491928/24414062 KiB; MemAvailable=13817004 KiB
memory guard: status 2026-09-18T16:11:32+02:00: session=2803237 members(session/scope)=4/4 Rocq workers=1 scope RSS=13479968 KiB; cgroup=13491560/24414062 KiB; MemAvailable=13748120 KiB
memory guard: status 2026-09-18T16:11:47+02:00: session=2803237 members(session/scope)=4/4 Rocq workers=1 scope RSS=13479968 KiB; cgroup=13491376/24414062 KiB; MemAvailable=13798552 KiB
memory guard: status 2026-09-18T16:12:02+02:00: session=2803237 members(session/scope)=4/4 Rocq workers=1 scope RSS=13480024 KiB; cgroup=13496908/24414062 KiB; MemAvailable=13825132 KiB
memory guard: status 2026-09-18T16:12:17+02:00: session=2803237 members(session/scope)=4/4 Rocq workers=1 scope RSS=13480024 KiB; cgroup=13516088/24414062 KiB; MemAvailable=13787740 KiB
memory guard: status 2026-09-18T16:12:32+02:00: session=2803237 members(session/scope)=4/4 Rocq workers=1 scope RSS=13480024 KiB; cgroup=13538708/24414062 KiB; MemAvailable=13803756 KiB
memory guard: status 2026-09-18T16:12:47+02:00: session=2803237 members(session/scope)=4/4 Rocq workers=1 scope RSS=13480024 KiB; cgroup=13558848/24414062 KiB; MemAvailable=13827356 KiB
memory guard: status 2026-09-18T16:13:02+02:00: session=2803237 members(session/scope)=4/4 Rocq workers=1 scope RSS=13480024 KiB; cgroup=13579696/24414062 KiB; MemAvailable=13831488 KiB
memory guard: status 2026-09-18T16:13:17+02:00: session=2803237 members(session/scope)=4/4 Rocq workers=1 scope RSS=13480024 KiB; cgroup=13599100/24414062 KiB; MemAvailable=13792620 KiB
memory guard: status 2026-09-18T16:13:32+02:00: session=2803237 members(session/scope)=4/4 Rocq workers=1 scope RSS=13480024 KiB; cgroup=13618896/24414062 KiB; MemAvailable=13805104 KiB
memory guard: status 2026-09-18T16:13:47+02:00: session=2803237 members(session/scope)=4/4 Rocq workers=1 scope RSS=13480024 KiB; cgroup=13639376/24414062 KiB; MemAvailable=13810152 KiB
memory guard: status 2026-09-18T16:14:02+02:00: session=2803237 members(session/scope)=4/4 Rocq workers=1 scope RSS=13480024 KiB; cgroup=13658296/24414062 KiB; MemAvailable=13791872 KiB
memory guard: status 2026-09-18T16:14:17+02:00: session=2803237 members(session/scope)=4/4 Rocq workers=1 scope RSS=13480024 KiB; cgroup=13677452/24414062 KiB; MemAvailable=13789444 KiB
memory guard: status 2026-09-18T16:14:32+02:00: session=2803237 members(session/scope)=4/4 Rocq workers=1 scope RSS=13480024 KiB; cgroup=13696048/24414062 KiB; MemAvailable=13764004 KiB
memory guard: status 2026-09-18T16:14:47+02:00: session=2803237 members(session/scope)=4/4 Rocq workers=1 scope RSS=13480024 KiB; cgroup=13715592/24414062 KiB; MemAvailable=13816748 KiB
memory guard: status 2026-09-18T16:15:02+02:00: session=2803237 members(session/scope)=4/4 Rocq workers=1 scope RSS=13480024 KiB; cgroup=13734364/24414062 KiB; MemAvailable=13810212 KiB
memory guard: status 2026-09-18T16:15:17+02:00: session=2803237 members(session/scope)=4/4 Rocq workers=1 scope RSS=13480024 KiB; cgroup=13752720/24414062 KiB; MemAvailable=13814548 KiB
memory guard: status 2026-09-18T16:15:32+02:00: session=2803237 members(session/scope)=4/4 Rocq workers=1 scope RSS=13480024 KiB; cgroup=13772056/24414062 KiB; MemAvailable=13789296 KiB
memory guard: status 2026-09-18T16:15:47+02:00: session=2803237 members(session/scope)=4/4 Rocq workers=1 scope RSS=13480024 KiB; cgroup=13790604/24414062 KiB; MemAvailable=13787304 KiB
memory guard: status 2026-09-18T16:16:02+02:00: session=2803237 members(session/scope)=4/4 Rocq workers=1 scope RSS=13480024 KiB; cgroup=13809128/24414062 KiB; MemAvailable=14152012 KiB
memory guard: status 2026-09-18T16:16:17+02:00: session=2803237 members(session/scope)=4/4 Rocq workers=1 scope RSS=13480024 KiB; cgroup=13821076/24414062 KiB; MemAvailable=14154156 KiB
memory guard: status 2026-09-18T16:16:32+02:00: session=2803237 members(session/scope)=4/4 Rocq workers=1 scope RSS=13480024 KiB; cgroup=13834096/24414062 KiB; MemAvailable=14269548 KiB
memory guard: status 2026-09-18T16:16:47+02:00: session=2803237 members(session/scope)=4/4 Rocq workers=1 scope RSS=13480024 KiB; cgroup=13851324/24414062 KiB; MemAvailable=14282828 KiB
memory guard: status 2026-09-18T16:17:02+02:00: session=2803237 members(session/scope)=4/4 Rocq workers=1 scope RSS=13480024 KiB; cgroup=13856648/24414062 KiB; MemAvailable=14325488 KiB
memory guard: status 2026-09-18T16:17:17+02:00: session=2803237 members(session/scope)=4/4 Rocq workers=1 scope RSS=13480024 KiB; cgroup=13873272/24414062 KiB; MemAvailable=14289708 KiB
memory guard: status 2026-09-18T16:17:32+02:00: session=2803237 members(session/scope)=4/4 Rocq workers=1 scope RSS=13480024 KiB; cgroup=13890340/24414062 KiB; MemAvailable=14282384 KiB
memory guard: status 2026-09-18T16:17:47+02:00: session=2803237 members(session/scope)=4/4 Rocq workers=1 scope RSS=13480024 KiB; cgroup=13908220/24414062 KiB; MemAvailable=14291352 KiB
memory guard: status 2026-09-18T16:18:02+02:00: session=2803237 members(session/scope)=4/4 Rocq workers=1 scope RSS=13480028 KiB; cgroup=13912456/24414062 KiB; MemAvailable=14319256 KiB
memory guard: status 2026-09-18T16:18:17+02:00: session=2803237 members(session/scope)=4/4 Rocq workers=1 scope RSS=13480028 KiB; cgroup=13904744/24414062 KiB; MemAvailable=14329504 KiB
memory guard: status 2026-09-18T16:18:32+02:00: session=2803237 members(session/scope)=4/4 Rocq workers=1 scope RSS=13480028 KiB; cgroup=13460548/24414062 KiB; MemAvailable=14304284 KiB
memory guard: status 2026-09-18T16:18:47+02:00: session=2803237 members(session/scope)=4/4 Rocq workers=1 scope RSS=13480028 KiB; cgroup=13460712/24414062 KiB; MemAvailable=14301340 KiB
memory guard: status 2026-09-18T16:19:02+02:00: session=2803237 members(session/scope)=4/4 Rocq workers=1 scope RSS=13480028 KiB; cgroup=13460644/24414062 KiB; MemAvailable=14217584 KiB
memory guard: status 2026-09-18T16:19:17+02:00: session=2803237 members(session/scope)=4/4 Rocq workers=1 scope RSS=13480028 KiB; cgroup=13460560/24414062 KiB; MemAvailable=13670912 KiB
memory guard: status 2026-09-18T16:19:32+02:00: session=2803237 members(session/scope)=4/4 Rocq workers=1 scope RSS=13480028 KiB; cgroup=13460296/24414062 KiB; MemAvailable=14190932 KiB
memory guard: status 2026-09-18T16:19:47+02:00: session=2803237 members(session/scope)=4/4 Rocq workers=1 scope RSS=13480028 KiB; cgroup=13460672/24414062 KiB; MemAvailable=14224428 KiB
memory guard: status 2026-09-18T16:20:02+02:00: session=2803237 members(session/scope)=4/4 Rocq workers=1 scope RSS=13480028 KiB; cgroup=13460528/24414062 KiB; MemAvailable=14228480 KiB
memory guard: status 2026-09-18T16:20:17+02:00: session=2803237 members(session/scope)=4/4 Rocq workers=1 scope RSS=13480028 KiB; cgroup=13460444/24414062 KiB; MemAvailable=14211092 KiB
memory guard: status 2026-09-18T16:20:32+02:00: session=2803237 members(session/scope)=4/4 Rocq workers=1 scope RSS=13477280 KiB; cgroup=14023924/24414062 KiB; MemAvailable=13827920 KiB
checkpoint runner: atomically promoted /home/theo/Documents/github/rocq-lean-typechecker/work/mathlib-alignment-5m-20260913-with-terminal/checkpoints/MathlibTo55000000Reload.vo
memory guard: finished with status 0; cgroup peak=15579748 KiB (hard limit 24414062 KiB)
